0: NULL_POINTER=(nil)
281474976710658: ompt_event_thread_begin: thread_type=ompt_thread_initial=1, thread_id=281474976710658
281474976710658: ompt_event_initial_task_begin: parallel_id=281474976710660, task_id=281474976710659, actual_parallelism=1, index=1, flags=1
281474976710658: ompt_event_parallel_begin: parent_task_id=281474976710659, parent_task_frame.exit=(nil), parent_task_frame.reenter=0x7ffe5e481ac0, parallel_id=281474976710661, requested_team_size=1, codeptr_ra=0x403331, invoker=2
281474976710658: ompt_event_implicit_task_begin: parallel_id=281474976710661, task_id=281474976710662, team_size=1, thread_num=0
281474976710658: ompt_event_implicit_task_end: parallel_id=0, task_id=281474976710662, team_size=1, thread_num=0
281474976710658: ompt_event_parallel_end: parallel_id=281474976710661, task_id=281474976710659, invoker=2, codeptr_ra=0x403331
0: ompt_get_num_places()=1
0: ompt_get_place_proc_ids()=96
0: ompt_get_place_num()=-1
0: ompt_get_partition_place_nums()=0
0: ompt_get_proc_id()=-1
0: ompt_get_num_procs()=96
0: ompt_get_callback()=1
0: ompt_get_state()=0
0: ompt_enumerate_states()=1
0: ompt_enumerate_mutex_impls()=1
0: ompt_get_thread_data()=(nil)
0: ompt_get_parallel_info()=0
0: ompt_get_task_info()=0
281474976710658: ompt_event_initial_task_end: parallel_id=281474976710660, task_id=281474976710659, actual_parallelism=0, index=1
281474976710658: ompt_event_thread_end: thread_id=281474976710658
0: ompt_event_runtime_shutdown
