0: NULL_POINTER=(nil)
0: ompt_get_num_places()=0
0: ompt_get_place_proc_ids()=0
0: ompt_get_place_num()=-1
0: ompt_get_partition_place_nums()=0
0: ompt_get_proc_id()=-1
0: ompt_get_num_procs()=0
0: ompt_get_callback()=0
0: ompt_get_state()=0
0: ompt_enumerate_states()=1
0: ompt_enumerate_mutex_impls()=1
0: ompt_get_thread_data()=(nil)
0: ompt_get_parallel_info()=0
0: ompt_get_task_info()=0
