----- START LOGGING OF TOOL REGISTRATION -----
Search for OMP tool in current address space... Failed.
Searching tool libraries...
OMP_TOOL_LIBRARIES = /home/vi3/gcc/llvm-project/openmp/openmp-build/runtime/test/ompt/loadtool/tool_not_available/Output/tool.so
Opening /home/vi3/gcc/llvm-project/openmp/openmp-build/runtime/test/ompt/loadtool/tool_not_available/Output/tool.so... Success. 
Searching for ompt_start_tool in /home/vi3/gcc/llvm-project/openmp/openmp-build/runtime/test/ompt/loadtool/tool_not_available/Output/tool.so... 0: Do not initialize tool
Found but not using the OMPT interface.
Continuing search...
...searching tool libraries failed. Using archer tool.
Opening libarcher.so... No OMP tool loaded.
----- END LOGGING OF TOOL REGISTRATION -----
0: control_tool()=-2
