0: NULL_POINTER=(nil)
0: ompt_event_runtime_shutdown
281474976710658: ompt_event_thread_begin: thread_type=ompt_thread_initial=1, thread_id=281474976710658
281474976710658: ompt_event_initial_task_begin: parallel_id=281474976710660, task_id=281474976710659, actual_parallelism=1, index=1, flags=1
281474976710658: ompt_event_parallel_begin: parent_task_id=281474976710659, parent_task_frame.exit=(nil), parent_task_frame.reenter=0x7ffdb701eeb0, parallel_id=281474976710661, requested_team_size=2, codeptr_ra=0x402bbd, invoker=2
281474976710658: ompt_event_implicit_task_begin: parallel_id=281474976710661, task_id=281474976710662, team_size=2, thread_num=0
281474976710658: task level 0: parallel_id=281474976710661, task_id=281474976710662, exit_frame=0x7ffdb701eeb0, reenter_frame=(nil), task_type=ompt_task_implicit|ompt_task_undeferred=134217730, thread_num=0
281474976710658: task level 1: parallel_id=281474976710660, task_id=281474976710659, exit_frame=(nil), reenter_frame=0x7ffdb701eeb0, task_type=ompt_task_initial=1, thread_num=0
281474976710658: ompt_event_parallel_begin: parent_task_id=281474976710662, parent_task_frame.exit=0x7ffdb701eeb0, parent_task_frame.reenter=0x7ffdb701ee10, parallel_id=281474976710663, requested_team_size=2, codeptr_ra=0x402c7a, invoker=2
281474976710658: ompt_event_implicit_task_begin: parallel_id=281474976710663, task_id=281474976710664, team_size=1, thread_num=0
281474976710658: task level 0: parallel_id=281474976710663, task_id=281474976710664, exit_frame=0x7ffdb701ee10, reenter_frame=(nil), task_type=ompt_task_implicit|ompt_task_undeferred=134217730, thread_num=0
281474976710658: task level 1: parallel_id=281474976710661, task_id=281474976710662, exit_frame=0x7ffdb701eeb0, reenter_frame=0x7ffdb701ee10, task_type=ompt_task_implicit|ompt_task_undeferred=134217730, thread_num=0
281474976710658: task level 2: parallel_id=281474976710660, task_id=281474976710659, exit_frame=(nil), reenter_frame=0x7ffdb701eeb0, task_type=ompt_task_initial=1, thread_num=0
281474976710658: ompt_event_implicit_task_end: parallel_id=0, task_id=281474976710664, team_size=1, thread_num=0
281474976710658: ompt_event_parallel_end: parallel_id=281474976710663, task_id=281474976710662, invoker=2, codeptr_ra=0x402c7a
281474976710658: fuzzy_address=0x402b or 0x402c or 0x402d or 0x402e (0x402c7b)
281474976710658: ompt_event_barrier_begin: parallel_id=281474976710661, task_id=281474976710662, codeptr_ra=0x402bbd
281474976710658: task level 0: parallel_id=281474976710661, task_id=281474976710662, exit_frame=(nil), reenter_frame=(nil), task_type=ompt_task_implicit|ompt_task_undeferred=134217730, thread_num=0
281474976710658: ompt_event_wait_barrier_begin: parallel_id=281474976710661, task_id=281474976710662, codeptr_ra=0x402bbd
281474976710658: ompt_event_wait_barrier_end: parallel_id=0, task_id=281474976710662, codeptr_ra=0x402bbd
281474976710658: ompt_event_barrier_end: parallel_id=0, task_id=281474976710662, codeptr_ra=0x402bbd
281474976710658: ompt_event_implicit_task_end: parallel_id=0, task_id=281474976710662, team_size=2, thread_num=0
281474976710658: ompt_event_parallel_end: parallel_id=281474976710661, task_id=281474976710659, invoker=2, codeptr_ra=0x402bbd
281474976710658: fuzzy_address=0x402a or 0x402b or 0x402c or 0x402d (0x402bbe)
281474976710658: ompt_event_initial_task_end: parallel_id=281474976710660, task_id=281474976710659, actual_parallelism=0, index=1
281474976710658: ompt_event_thread_end: thread_id=281474976710658
562949953421313: ompt_event_thread_begin: thread_type=ompt_thread_worker=2, thread_id=562949953421313
562949953421313: ompt_event_implicit_task_begin: parallel_id=281474976710661, task_id=562949953421314, team_size=2, thread_num=1
562949953421313: task level 0: parallel_id=281474976710661, task_id=562949953421314, exit_frame=0x7f5f40dc6ef0, reenter_frame=(nil), task_type=ompt_task_implicit|ompt_task_undeferred=134217730, thread_num=1
562949953421313: task level 1: parallel_id=281474976710660, task_id=281474976710659, exit_frame=(nil), reenter_frame=0x7ffdb701eeb0, task_type=ompt_task_initial=1, thread_num=0
562949953421313: ompt_event_parallel_begin: parent_task_id=562949953421314, parent_task_frame.exit=0x7f5f40dc6ef0, parent_task_frame.reenter=0x7f5f40dc6e60, parallel_id=562949953421315, requested_team_size=2, codeptr_ra=0x402c7a, invoker=2
562949953421313: ompt_event_implicit_task_begin: parallel_id=562949953421315, task_id=562949953421316, team_size=1, thread_num=0
562949953421313: task level 0: parallel_id=562949953421315, task_id=562949953421316, exit_frame=0x7f5f40dc6e60, reenter_frame=(nil), task_type=ompt_task_implicit|ompt_task_undeferred=134217730, thread_num=0
562949953421313: task level 1: parallel_id=281474976710661, task_id=562949953421314, exit_frame=0x7f5f40dc6ef0, reenter_frame=0x7f5f40dc6e60, task_type=ompt_task_implicit|ompt_task_undeferred=134217730, thread_num=1
562949953421313: task level 2: parallel_id=281474976710660, task_id=281474976710659, exit_frame=(nil), reenter_frame=0x7ffdb701eeb0, task_type=ompt_task_initial=1, thread_num=0
562949953421313: ompt_event_implicit_task_end: parallel_id=0, task_id=562949953421316, team_size=1, thread_num=0
562949953421313: ompt_event_parallel_end: parallel_id=562949953421315, task_id=562949953421314, invoker=2, codeptr_ra=0x402c7a
562949953421313: fuzzy_address=0x402b or 0x402c or 0x402d or 0x402e (0x402c7b)
562949953421313: ompt_event_barrier_begin: parallel_id=281474976710661, task_id=562949953421314, codeptr_ra=0x402bbd
562949953421313: task level 0: parallel_id=281474976710661, task_id=562949953421314, exit_frame=(nil), reenter_frame=(nil), task_type=ompt_task_implicit|ompt_task_undeferred=134217730, thread_num=1
562949953421313: ompt_event_wait_barrier_begin: parallel_id=281474976710661, task_id=562949953421314, codeptr_ra=0x402bbd
562949953421313: ompt_event_wait_barrier_end: parallel_id=0, task_id=562949953421314, codeptr_ra=(nil)
562949953421313: ompt_event_barrier_end: parallel_id=0, task_id=562949953421314, codeptr_ra=(nil)
562949953421313: ompt_event_implicit_task_end: parallel_id=0, task_id=562949953421314, team_size=0, thread_num=1
562949953421313: ompt_event_thread_end: thread_id=562949953421313
