0: NULL_POINTER=(nil)
0: ompt_event_runtime_shutdown
281474976710658: ompt_event_thread_begin: thread_type=ompt_thread_initial=1, thread_id=281474976710658
281474976710658: ompt_event_initial_task_begin: parallel_id=281474976710660, task_id=281474976710659, actual_parallelism=1, index=1, flags=1
281474976710658: __builtin_frame_address(0)=0x7ffeb6d44fb0
281474976710658: ompt_event_parallel_begin: parent_task_id=281474976710659, parent_task_frame.exit=(nil), parent_task_frame.reenter=0x7ffeb6d44f60, parallel_id=281474976710661, requested_team_size=2, codeptr_ra=0x402bf1, invoker=2
281474976710658: ompt_event_implicit_task_begin: parallel_id=281474976710661, task_id=281474976710662, team_size=2, thread_num=0
281474976710658: __builtin_frame_address(1)=0x7ffeb6d44f60
281474976710658: task level 0: parallel_id=281474976710661, task_id=281474976710662, exit_frame=0x7ffeb6d44f60, reenter_frame=(nil), task_type=ompt_task_implicit|ompt_task_undeferred=134217730, thread_num=0
281474976710658: task level 1: parallel_id=281474976710660, task_id=281474976710659, exit_frame=(nil), reenter_frame=0x7ffeb6d44f60, task_type=ompt_task_initial=1, thread_num=0
281474976710658: __builtin_frame_address(0)=0x7ffeb6d44f00
281474976710658: ompt_event_barrier_begin: parallel_id=281474976710661, task_id=281474976710662, codeptr_ra=0x402cf0
281474976710658: task level 0: parallel_id=281474976710661, task_id=281474976710662, exit_frame=0x7ffeb6d44f60, reenter_frame=0x7ffeb6d44eb0, task_type=ompt_task_implicit|ompt_task_undeferred=134217730, thread_num=0
281474976710658: ompt_event_wait_barrier_begin: parallel_id=281474976710661, task_id=281474976710662, codeptr_ra=0x402cf0
281474976710658: ompt_event_wait_barrier_end: parallel_id=281474976710661, task_id=281474976710662, codeptr_ra=0x402cf0
281474976710658: ompt_event_barrier_end: parallel_id=281474976710661, task_id=281474976710662, codeptr_ra=0x402cf0
281474976710658: ompt_event_parallel_begin: parent_task_id=281474976710662, parent_task_frame.exit=0x7ffeb6d44f60, parent_task_frame.reenter=0x7ffeb6d44eb0, parallel_id=281474976710663, requested_team_size=2, codeptr_ra=0x402d16, invoker=2
281474976710658: ompt_event_implicit_task_begin: parallel_id=281474976710663, task_id=281474976710664, team_size=2, thread_num=0
281474976710658: __builtin_frame_address(1)=0x7ffeb6d44eb0
281474976710658: task level 0: parallel_id=281474976710663, task_id=281474976710664, exit_frame=0x7ffeb6d44eb0, reenter_frame=(nil), task_type=ompt_task_implicit|ompt_task_undeferred=134217730, thread_num=0
281474976710658: task level 1: parallel_id=281474976710661, task_id=281474976710662, exit_frame=0x7ffeb6d44f60, reenter_frame=0x7ffeb6d44eb0, task_type=ompt_task_implicit|ompt_task_undeferred=134217730, thread_num=0
281474976710658: task level 2: parallel_id=281474976710660, task_id=281474976710659, exit_frame=(nil), reenter_frame=0x7ffeb6d44f60, task_type=ompt_task_initial=1, thread_num=0
281474976710658: __builtin_frame_address(0)=0x7ffeb6d44e50
281474976710658: ompt_event_barrier_begin: parallel_id=281474976710663, task_id=281474976710664, codeptr_ra=0x402e47
281474976710658: task level 0: parallel_id=281474976710663, task_id=281474976710664, exit_frame=0x7ffeb6d44eb0, reenter_frame=0x7ffeb6d44e10, task_type=ompt_task_implicit|ompt_task_undeferred=134217730, thread_num=0
281474976710658: ompt_event_wait_barrier_begin: parallel_id=281474976710663, task_id=281474976710664, codeptr_ra=0x402e47
281474976710658: ompt_event_wait_barrier_end: parallel_id=281474976710663, task_id=281474976710664, codeptr_ra=0x402e47
281474976710658: ompt_event_barrier_end: parallel_id=281474976710663, task_id=281474976710664, codeptr_ra=0x402e47
281474976710658: fuzzy_address=0x402d or 0x402e or 0x402f or 0x4030 (0x402e48)
281474976710658: task level 0: parallel_id=281474976710663, task_id=281474976710664, exit_frame=0x7ffeb6d44eb0, reenter_frame=(nil), task_type=ompt_task_implicit|ompt_task_undeferred=134217730, thread_num=0
281474976710658: ompt_event_barrier_begin: parallel_id=281474976710663, task_id=281474976710664, codeptr_ra=0x402d16
281474976710658: task level 0: parallel_id=281474976710663, task_id=281474976710664, exit_frame=(nil), reenter_frame=(nil), task_type=ompt_task_implicit|ompt_task_undeferred=134217730, thread_num=0
281474976710658: ompt_event_wait_barrier_begin: parallel_id=281474976710663, task_id=281474976710664, codeptr_ra=0x402d16
281474976710658: ompt_event_wait_barrier_end: parallel_id=0, task_id=281474976710664, codeptr_ra=0x402d16
281474976710658: ompt_event_barrier_end: parallel_id=0, task_id=281474976710664, codeptr_ra=0x402d16
281474976710658: ompt_event_implicit_task_end: parallel_id=0, task_id=281474976710664, team_size=2, thread_num=0
281474976710658: ompt_event_parallel_end: parallel_id=281474976710663, task_id=281474976710662, invoker=2, codeptr_ra=0x402d16
281474976710658: fuzzy_address=0x402c or 0x402d or 0x402e or 0x402f (0x402d17)
281474976710658: task level 0: parallel_id=281474976710661, task_id=281474976710662, exit_frame=0x7ffeb6d44f60, reenter_frame=(nil), task_type=ompt_task_implicit|ompt_task_undeferred=134217730, thread_num=0
281474976710658: ompt_event_barrier_begin: parallel_id=281474976710661, task_id=281474976710662, codeptr_ra=0x402bf1
281474976710658: task level 0: parallel_id=281474976710661, task_id=281474976710662, exit_frame=(nil), reenter_frame=(nil), task_type=ompt_task_implicit|ompt_task_undeferred=134217730, thread_num=0
281474976710658: ompt_event_wait_barrier_begin: parallel_id=281474976710661, task_id=281474976710662, codeptr_ra=0x402bf1
281474976710658: ompt_event_wait_barrier_end: parallel_id=0, task_id=281474976710662, codeptr_ra=0x402bf1
281474976710658: ompt_event_barrier_end: parallel_id=0, task_id=281474976710662, codeptr_ra=0x402bf1
281474976710658: ompt_event_implicit_task_end: parallel_id=0, task_id=281474976710662, team_size=2, thread_num=0
281474976710658: ompt_event_parallel_end: parallel_id=281474976710661, task_id=281474976710659, invoker=2, codeptr_ra=0x402bf1
281474976710658: fuzzy_address=0x402a or 0x402b or 0x402c or 0x402d (0x402bf2)
281474976710658: ompt_event_initial_task_end: parallel_id=281474976710660, task_id=281474976710659, actual_parallelism=0, index=1
281474976710658: ompt_event_thread_end: thread_id=281474976710658
562949953421313: ompt_event_thread_begin: thread_type=ompt_thread_worker=2, thread_id=562949953421313
562949953421313: ompt_event_implicit_task_begin: parallel_id=281474976710661, task_id=562949953421314, team_size=2, thread_num=1
562949953421313: __builtin_frame_address(1)=0x7fa5fbe21ef0
562949953421313: task level 0: parallel_id=281474976710661, task_id=562949953421314, exit_frame=0x7fa5fbe21ef0, reenter_frame=(nil), task_type=ompt_task_implicit|ompt_task_undeferred=134217730, thread_num=1
562949953421313: task level 1: parallel_id=281474976710660, task_id=281474976710659, exit_frame=(nil), reenter_frame=0x7ffeb6d44f60, task_type=ompt_task_initial=1, thread_num=0
562949953421313: __builtin_frame_address(0)=0x7fa5fbe21ea0
562949953421313: ompt_event_barrier_begin: parallel_id=281474976710661, task_id=562949953421314, codeptr_ra=0x402cf0
562949953421313: task level 0: parallel_id=281474976710661, task_id=562949953421314, exit_frame=0x7fa5fbe21ef0, reenter_frame=0x7fa5fbe21e50, task_type=ompt_task_implicit|ompt_task_undeferred=134217730, thread_num=1
562949953421313: ompt_event_wait_barrier_begin: parallel_id=281474976710661, task_id=562949953421314, codeptr_ra=0x402cf0
562949953421313: ompt_event_wait_barrier_end: parallel_id=281474976710661, task_id=562949953421314, codeptr_ra=0x402cf0
562949953421313: ompt_event_barrier_end: parallel_id=281474976710661, task_id=562949953421314, codeptr_ra=0x402cf0
562949953421313: ompt_event_parallel_begin: parent_task_id=562949953421314, parent_task_frame.exit=0x7fa5fbe21ef0, parent_task_frame.reenter=0x7fa5fbe21e50, parallel_id=562949953421315, requested_team_size=2, codeptr_ra=0x402d16, invoker=2
562949953421313: ompt_event_implicit_task_begin: parallel_id=562949953421315, task_id=562949953421316, team_size=2, thread_num=0
562949953421313: __builtin_frame_address(1)=0x7fa5fbe21e50
562949953421313: task level 0: parallel_id=562949953421315, task_id=562949953421316, exit_frame=0x7fa5fbe21e50, reenter_frame=(nil), task_type=ompt_task_implicit|ompt_task_undeferred=134217730, thread_num=0
562949953421313: task level 1: parallel_id=281474976710661, task_id=562949953421314, exit_frame=0x7fa5fbe21ef0, reenter_frame=0x7fa5fbe21e50, task_type=ompt_task_implicit|ompt_task_undeferred=134217730, thread_num=1
562949953421313: task level 2: parallel_id=281474976710660, task_id=281474976710659, exit_frame=(nil), reenter_frame=0x7ffeb6d44f60, task_type=ompt_task_initial=1, thread_num=0
562949953421313: __builtin_frame_address(0)=0x7fa5fbe21df0
562949953421313: ompt_event_barrier_begin: parallel_id=562949953421315, task_id=562949953421316, codeptr_ra=0x402e47
562949953421313: task level 0: parallel_id=562949953421315, task_id=562949953421316, exit_frame=0x7fa5fbe21e50, reenter_frame=0x7fa5fbe21db0, task_type=ompt_task_implicit|ompt_task_undeferred=134217730, thread_num=0
562949953421313: ompt_event_wait_barrier_begin: parallel_id=562949953421315, task_id=562949953421316, codeptr_ra=0x402e47
562949953421313: ompt_event_wait_barrier_end: parallel_id=562949953421315, task_id=562949953421316, codeptr_ra=0x402e47
562949953421313: ompt_event_barrier_end: parallel_id=562949953421315, task_id=562949953421316, codeptr_ra=0x402e47
562949953421313: fuzzy_address=0x402d or 0x402e or 0x402f or 0x4030 (0x402e48)
562949953421313: task level 0: parallel_id=562949953421315, task_id=562949953421316, exit_frame=0x7fa5fbe21e50, reenter_frame=(nil), task_type=ompt_task_implicit|ompt_task_undeferred=134217730, thread_num=0
562949953421313: ompt_event_barrier_begin: parallel_id=562949953421315, task_id=562949953421316, codeptr_ra=0x402d16
562949953421313: task level 0: parallel_id=562949953421315, task_id=562949953421316, exit_frame=(nil), reenter_frame=(nil), task_type=ompt_task_implicit|ompt_task_undeferred=134217730, thread_num=0
562949953421313: ompt_event_wait_barrier_begin: parallel_id=562949953421315, task_id=562949953421316, codeptr_ra=0x402d16
562949953421313: ompt_event_wait_barrier_end: parallel_id=0, task_id=562949953421316, codeptr_ra=0x402d16
562949953421313: ompt_event_barrier_end: parallel_id=0, task_id=562949953421316, codeptr_ra=0x402d16
562949953421313: ompt_event_implicit_task_end: parallel_id=0, task_id=562949953421316, team_size=2, thread_num=0
562949953421313: ompt_event_parallel_end: parallel_id=562949953421315, task_id=562949953421314, invoker=2, codeptr_ra=0x402d16
562949953421313: fuzzy_address=0x402c or 0x402d or 0x402e or 0x402f (0x402d17)
562949953421313: task level 0: parallel_id=281474976710661, task_id=562949953421314, exit_frame=0x7fa5fbe21ef0, reenter_frame=(nil), task_type=ompt_task_implicit|ompt_task_undeferred=134217730, thread_num=1
562949953421313: ompt_event_barrier_begin: parallel_id=281474976710661, task_id=562949953421314, codeptr_ra=0x402bf1
562949953421313: task level 0: parallel_id=281474976710661, task_id=562949953421314, exit_frame=(nil), reenter_frame=(nil), task_type=ompt_task_implicit|ompt_task_undeferred=134217730, thread_num=1
562949953421313: ompt_event_wait_barrier_begin: parallel_id=281474976710661, task_id=562949953421314, codeptr_ra=0x402bf1
562949953421313: ompt_event_wait_barrier_end: parallel_id=0, task_id=562949953421314, codeptr_ra=(nil)
562949953421313: ompt_event_barrier_end: parallel_id=0, task_id=562949953421314, codeptr_ra=(nil)
562949953421313: ompt_event_implicit_task_end: parallel_id=0, task_id=562949953421314, team_size=0, thread_num=1
562949953421313: ompt_event_thread_end: thread_id=562949953421313
844424930131969: ompt_event_thread_begin: thread_type=ompt_thread_worker=2, thread_id=844424930131969
844424930131969: ompt_event_implicit_task_begin: parallel_id=562949953421315, task_id=844424930131970, team_size=2, thread_num=1
844424930131969: __builtin_frame_address(1)=0x7fa5fb61ff70
844424930131969: task level 0: parallel_id=562949953421315, task_id=844424930131970, exit_frame=0x7fa5fb61ff70, reenter_frame=(nil), task_type=ompt_task_implicit|ompt_task_undeferred=134217730, thread_num=1
844424930131969: task level 1: parallel_id=281474976710661, task_id=562949953421314, exit_frame=0x7fa5fbe21ef0, reenter_frame=0x7fa5fbe21e50, task_type=ompt_task_implicit|ompt_task_undeferred=134217730, thread_num=1
844424930131969: task level 2: parallel_id=281474976710660, task_id=281474976710659, exit_frame=(nil), reenter_frame=0x7ffeb6d44f60, task_type=ompt_task_initial=1, thread_num=0
844424930131969: __builtin_frame_address(0)=0x7fa5fb61ff20
844424930131969: ompt_event_barrier_begin: parallel_id=562949953421315, task_id=844424930131970, codeptr_ra=0x402e47
844424930131969: task level 0: parallel_id=562949953421315, task_id=844424930131970, exit_frame=0x7fa5fb61ff70, reenter_frame=0x7fa5fb61fee0, task_type=ompt_task_implicit|ompt_task_undeferred=134217730, thread_num=1
844424930131969: ompt_event_wait_barrier_begin: parallel_id=562949953421315, task_id=844424930131970, codeptr_ra=0x402e47
844424930131969: ompt_event_wait_barrier_end: parallel_id=562949953421315, task_id=844424930131970, codeptr_ra=0x402e47
844424930131969: ompt_event_barrier_end: parallel_id=562949953421315, task_id=844424930131970, codeptr_ra=0x402e47
844424930131969: fuzzy_address=0x402d or 0x402e or 0x402f or 0x4030 (0x402e48)
844424930131969: task level 0: parallel_id=562949953421315, task_id=844424930131970, exit_frame=0x7fa5fb61ff70, reenter_frame=(nil), task_type=ompt_task_implicit|ompt_task_undeferred=134217730, thread_num=1
844424930131969: ompt_event_barrier_begin: parallel_id=562949953421315, task_id=844424930131970, codeptr_ra=0x402d16
844424930131969: task level 0: parallel_id=562949953421315, task_id=844424930131970, exit_frame=(nil), reenter_frame=(nil), task_type=ompt_task_implicit|ompt_task_undeferred=134217730, thread_num=1
844424930131969: ompt_event_wait_barrier_begin: parallel_id=562949953421315, task_id=844424930131970, codeptr_ra=0x402d16
844424930131969: ompt_event_wait_barrier_end: parallel_id=0, task_id=844424930131970, codeptr_ra=(nil)
844424930131969: ompt_event_barrier_end: parallel_id=0, task_id=844424930131970, codeptr_ra=(nil)
844424930131969: ompt_event_implicit_task_end: parallel_id=0, task_id=844424930131970, team_size=0, thread_num=1
844424930131969: ompt_event_thread_end: thread_id=844424930131969
1125899906842625: ompt_event_thread_begin: thread_type=ompt_thread_worker=2, thread_id=1125899906842625
1125899906842625: ompt_event_implicit_task_begin: parallel_id=281474976710663, task_id=1125899906842626, team_size=2, thread_num=1
1125899906842625: __builtin_frame_address(1)=0x7fa5fae1df70
1125899906842625: task level 0: parallel_id=281474976710663, task_id=1125899906842626, exit_frame=0x7fa5fae1df70, reenter_frame=(nil), task_type=ompt_task_implicit|ompt_task_undeferred=134217730, thread_num=1
1125899906842625: task level 1: parallel_id=281474976710661, task_id=281474976710662, exit_frame=0x7ffeb6d44f60, reenter_frame=0x7ffeb6d44eb0, task_type=ompt_task_implicit|ompt_task_undeferred=134217730, thread_num=0
1125899906842625: task level 2: parallel_id=281474976710660, task_id=281474976710659, exit_frame=(nil), reenter_frame=0x7ffeb6d44f60, task_type=ompt_task_initial=1, thread_num=0
1125899906842625: __builtin_frame_address(0)=0x7fa5fae1df20
1125899906842625: ompt_event_barrier_begin: parallel_id=281474976710663, task_id=1125899906842626, codeptr_ra=0x402e47
1125899906842625: task level 0: parallel_id=281474976710663, task_id=1125899906842626, exit_frame=0x7fa5fae1df70, reenter_frame=0x7fa5fae1dee0, task_type=ompt_task_implicit|ompt_task_undeferred=134217730, thread_num=1
1125899906842625: ompt_event_wait_barrier_begin: parallel_id=281474976710663, task_id=1125899906842626, codeptr_ra=0x402e47
1125899906842625: ompt_event_wait_barrier_end: parallel_id=281474976710663, task_id=1125899906842626, codeptr_ra=0x402e47
1125899906842625: ompt_event_barrier_end: parallel_id=281474976710663, task_id=1125899906842626, codeptr_ra=0x402e47
1125899906842625: fuzzy_address=0x402d or 0x402e or 0x402f or 0x4030 (0x402e48)
1125899906842625: task level 0: parallel_id=281474976710663, task_id=1125899906842626, exit_frame=0x7fa5fae1df70, reenter_frame=(nil), task_type=ompt_task_implicit|ompt_task_undeferred=134217730, thread_num=1
1125899906842625: ompt_event_barrier_begin: parallel_id=281474976710663, task_id=1125899906842626, codeptr_ra=0x402d16
1125899906842625: task level 0: parallel_id=281474976710663, task_id=1125899906842626, exit_frame=(nil), reenter_frame=(nil), task_type=ompt_task_implicit|ompt_task_undeferred=134217730, thread_num=1
1125899906842625: ompt_event_wait_barrier_begin: parallel_id=281474976710663, task_id=1125899906842626, codeptr_ra=0x402d16
1125899906842625: ompt_event_wait_barrier_end: parallel_id=0, task_id=1125899906842626, codeptr_ra=(nil)
1125899906842625: ompt_event_barrier_end: parallel_id=0, task_id=1125899906842626, codeptr_ra=(nil)
1125899906842625: ompt_event_implicit_task_end: parallel_id=0, task_id=1125899906842626, team_size=0, thread_num=1
1125899906842625: ompt_event_thread_end: thread_id=1125899906842625
