----- START LOGGING OF TOOL REGISTRATION -----
Search for OMP tool in current address space... Failed.
Searching tool libraries...
OMP_TOOL_LIBRARIES = /home/vi3/gcc/llvm-project/openmp/openmp-build/runtime/test/ompt/loadtool/tool_available/Output/tool.so
Opening /home/vi3/gcc/llvm-project/openmp/openmp-build/runtime/test/ompt/loadtool/tool_available/Output/tool.so... Success. 
Searching for ompt_start_tool in /home/vi3/gcc/llvm-project/openmp/openmp-build/runtime/test/ompt/loadtool/tool_available/Output/tool.so... Success.
Tool was started and is using the OMPT interface.
----- END LOGGING OF TOOL REGISTRATION -----
