0: NULL_POINTER=(nil)
0: ompt_event_runtime_shutdown
281474976710658: ompt_event_thread_begin: thread_type=ompt_thread_initial=1, thread_id=281474976710658
281474976710658: ompt_event_initial_task_begin: parallel_id=281474976710660, task_id=281474976710659, actual_parallelism=1, index=1, flags=1
281474976710658: ompt_event_parallel_begin: parent_task_id=281474976710659, parent_task_frame.exit=(nil), parent_task_frame.reenter=0x7ffeb53222f0, parallel_id=281474976710661, requested_team_size=2, codeptr_ra=0x402db7, invoker=2
281474976710658: ompt_event_implicit_task_begin: parallel_id=281474976710661, task_id=281474976710662, team_size=2, thread_num=0
281474976710658: ompt_event_cancel: task_data=281474976710662, flags=ompt_cancel_loop|ompt_cancel_activated=20, codeptr_ra=0x7fddce3424ca
281474976710658: ompt_event_barrier_begin: parallel_id=281474976710661, task_id=281474976710662, codeptr_ra=0x402ea6
281474976710658: task level 0: parallel_id=281474976710661, task_id=281474976710662, exit_frame=0x7ffeb53222f0, reenter_frame=0x7ffeb5322250, task_type=ompt_task_implicit|ompt_task_undeferred=134217730, thread_num=0
281474976710658: ompt_event_wait_barrier_begin: parallel_id=281474976710661, task_id=281474976710662, codeptr_ra=0x402ea6
281474976710658: ompt_event_wait_barrier_end: parallel_id=281474976710661, task_id=281474976710662, codeptr_ra=0x402ea6
281474976710658: ompt_event_barrier_end: parallel_id=281474976710661, task_id=281474976710662, codeptr_ra=0x402ea6
281474976710658: ompt_event_barrier_begin: parallel_id=281474976710661, task_id=281474976710662, codeptr_ra=0x402db7
281474976710658: task level 0: parallel_id=281474976710661, task_id=281474976710662, exit_frame=(nil), reenter_frame=(nil), task_type=ompt_task_implicit|ompt_task_undeferred=134217730, thread_num=0
281474976710658: ompt_event_wait_barrier_begin: parallel_id=281474976710661, task_id=281474976710662, codeptr_ra=0x402db7
281474976710658: ompt_event_wait_barrier_end: parallel_id=0, task_id=281474976710662, codeptr_ra=0x402db7
281474976710658: ompt_event_barrier_end: parallel_id=0, task_id=281474976710662, codeptr_ra=0x402db7
281474976710658: ompt_event_implicit_task_end: parallel_id=0, task_id=281474976710662, team_size=2, thread_num=0
281474976710658: ompt_event_parallel_end: parallel_id=281474976710661, task_id=281474976710659, invoker=2, codeptr_ra=0x402db7
281474976710658: ompt_event_parallel_begin: parent_task_id=281474976710659, parent_task_frame.exit=(nil), parent_task_frame.reenter=0x7ffeb53222f0, parallel_id=281474976710663, requested_team_size=2, codeptr_ra=0x402de0, invoker=2
281474976710658: ompt_event_implicit_task_begin: parallel_id=281474976710663, task_id=281474976710664, team_size=2, thread_num=0
281474976710658: ompt_event_loop_begin: parallel_id=281474976710663, parent_task_id=281474976710664, codeptr_ra=0x402de0, count=2
281474976710658: ompt_event_cancel: task_data=281474976710664, flags=ompt_cancel_sections|ompt_cancel_activated=18, codeptr_ra=0x7fddce3424ca
281474976710658: ompt_event_barrier_begin: parallel_id=281474976710663, task_id=281474976710664, codeptr_ra=0x402ee2
281474976710658: task level 0: parallel_id=281474976710663, task_id=281474976710664, exit_frame=(nil), reenter_frame=0x7ffeb5322270, task_type=ompt_task_implicit|ompt_task_undeferred=134217730, thread_num=0
281474976710658: ompt_event_wait_barrier_begin: parallel_id=281474976710663, task_id=281474976710664, codeptr_ra=0x402ee2
281474976710658: ompt_event_wait_barrier_end: parallel_id=281474976710663, task_id=281474976710664, codeptr_ra=0x402ee2
281474976710658: ompt_event_barrier_end: parallel_id=281474976710663, task_id=281474976710664, codeptr_ra=0x402ee2
281474976710658: ompt_event_barrier_begin: parallel_id=281474976710663, task_id=281474976710664, codeptr_ra=0x402de0
281474976710658: task level 0: parallel_id=281474976710663, task_id=281474976710664, exit_frame=(nil), reenter_frame=(nil), task_type=ompt_task_implicit|ompt_task_undeferred=134217730, thread_num=0
281474976710658: ompt_event_wait_barrier_begin: parallel_id=281474976710663, task_id=281474976710664, codeptr_ra=0x402de0
281474976710658: ompt_event_wait_barrier_end: parallel_id=0, task_id=281474976710664, codeptr_ra=0x402de0
281474976710658: ompt_event_barrier_end: parallel_id=0, task_id=281474976710664, codeptr_ra=0x402de0
281474976710658: ompt_event_implicit_task_end: parallel_id=0, task_id=281474976710664, team_size=2, thread_num=0
281474976710658: ompt_event_parallel_end: parallel_id=281474976710663, task_id=281474976710659, invoker=2, codeptr_ra=0x402de0
281474976710658: ompt_event_initial_task_end: parallel_id=281474976710660, task_id=281474976710659, actual_parallelism=0, index=1
281474976710658: ompt_event_thread_end: thread_id=281474976710658
562949953421313: ompt_event_thread_begin: thread_type=ompt_thread_worker=2, thread_id=562949953421313
562949953421313: ompt_event_implicit_task_begin: parallel_id=281474976710661, task_id=562949953421314, team_size=2, thread_num=1
562949953421313: ompt_event_cancel: task_data=562949953421314, flags=ompt_cancel_loop|ompt_cancel_detected=36, codeptr_ra=0x7fddce342439
562949953421313: ompt_event_barrier_begin: parallel_id=281474976710661, task_id=562949953421314, codeptr_ra=0x402ea6
562949953421313: task level 0: parallel_id=281474976710661, task_id=562949953421314, exit_frame=0x7fddcd876ef0, reenter_frame=0x7fddcd876e60, task_type=ompt_task_implicit|ompt_task_undeferred=134217730, thread_num=1
562949953421313: ompt_event_wait_barrier_begin: parallel_id=281474976710661, task_id=562949953421314, codeptr_ra=0x402ea6
562949953421313: ompt_event_wait_barrier_end: parallel_id=281474976710661, task_id=562949953421314, codeptr_ra=0x402ea6
562949953421313: ompt_event_barrier_end: parallel_id=281474976710661, task_id=562949953421314, codeptr_ra=0x402ea6
562949953421313: ompt_event_barrier_begin: parallel_id=281474976710661, task_id=562949953421314, codeptr_ra=0x402db7
562949953421313: task level 0: parallel_id=281474976710661, task_id=562949953421314, exit_frame=(nil), reenter_frame=(nil), task_type=ompt_task_implicit|ompt_task_undeferred=134217730, thread_num=1
562949953421313: ompt_event_wait_barrier_begin: parallel_id=281474976710661, task_id=562949953421314, codeptr_ra=0x402db7
562949953421313: ompt_event_wait_barrier_end: parallel_id=0, task_id=562949953421314, codeptr_ra=0x402de0
562949953421313: ompt_event_barrier_end: parallel_id=0, task_id=562949953421314, codeptr_ra=0x402de0
562949953421313: ompt_event_implicit_task_end: parallel_id=0, task_id=562949953421314, team_size=0, thread_num=1
562949953421313: ompt_event_implicit_task_begin: parallel_id=281474976710663, task_id=562949953421315, team_size=2, thread_num=1
562949953421313: ompt_event_loop_begin: parallel_id=281474976710663, parent_task_id=562949953421315, codeptr_ra=0x402de0, count=2
562949953421313: ompt_event_cancel: task_data=562949953421315, flags=ompt_cancel_sections|ompt_cancel_detected=34, codeptr_ra=0x7fddce342439
562949953421313: ompt_event_barrier_begin: parallel_id=281474976710663, task_id=562949953421315, codeptr_ra=0x402ee2
562949953421313: task level 0: parallel_id=281474976710663, task_id=562949953421315, exit_frame=(nil), reenter_frame=0x7fddcd876e70, task_type=ompt_task_implicit|ompt_task_undeferred=134217730, thread_num=1
562949953421313: ompt_event_wait_barrier_begin: parallel_id=281474976710663, task_id=562949953421315, codeptr_ra=0x402ee2
562949953421313: ompt_event_wait_barrier_end: parallel_id=281474976710663, task_id=562949953421315, codeptr_ra=0x402ee2
562949953421313: ompt_event_barrier_end: parallel_id=281474976710663, task_id=562949953421315, codeptr_ra=0x402ee2
562949953421313: ompt_event_barrier_begin: parallel_id=281474976710663, task_id=562949953421315, codeptr_ra=0x402de0
562949953421313: task level 0: parallel_id=281474976710663, task_id=562949953421315, exit_frame=(nil), reenter_frame=(nil), task_type=ompt_task_implicit|ompt_task_undeferred=134217730, thread_num=1
562949953421313: ompt_event_wait_barrier_begin: parallel_id=281474976710663, task_id=562949953421315, codeptr_ra=0x402de0
562949953421313: ompt_event_wait_barrier_end: parallel_id=0, task_id=562949953421315, codeptr_ra=(nil)
562949953421313: ompt_event_barrier_end: parallel_id=0, task_id=562949953421315, codeptr_ra=(nil)
562949953421313: ompt_event_implicit_task_end: parallel_id=0, task_id=562949953421315, team_size=0, thread_num=1
562949953421313: ompt_event_thread_end: thread_id=562949953421313
