0: NULL_POINTER=(nil)
0: ompt_event_runtime_shutdown
281474976710658: ompt_event_thread_begin: thread_type=ompt_thread_initial=1, thread_id=281474976710658
281474976710658: ompt_event_initial_task_begin: parallel_id=281474976710660, task_id=281474976710659, actual_parallelism=1, index=1, flags=1
281474976710658: ompt_event_parallel_begin: parent_task_id=281474976710659, parent_task_frame.exit=(nil), parent_task_frame.reenter=0x7ffd1f8a7a70, parallel_id=281474976710661, requested_team_size=2, codeptr_ra=0x402bc6, invoker=2
281474976710658: ompt_event_implicit_task_begin: parallel_id=281474976710661, task_id=281474976710662, team_size=2, thread_num=0
281474976710658: task level 0: parallel_id=281474976710661, task_id=281474976710662, exit_frame=0x7ffd1f8a7a70, reenter_frame=(nil), task_type=ompt_task_implicit|ompt_task_undeferred=134217730, thread_num=0
281474976710658: address of x: 0x7ffd1f8a7a8c
281474976710658: ompt_event_task_create: parent_task_id=281474976710662, parent_task_frame.exit=0x7ffd1f8a7a70, parent_task_frame.reenter=0x7ffd1f8a7960, new_task_id=281474976710663, codeptr_ra=0x402c8b, task_type=ompt_task_explicit=4, has_dependences=yes
281474976710658: ompt_event_dependences: task_id=281474976710663, deps=[(0x7ffd1f8a7a8c, ompt_dependence_type_inout)], ndeps=1
281474976710658: fuzzy_address=0x402b or 0x402c or 0x402d or 0x402e (0x402c90)
281474976710658: task level 0: parallel_id=281474976710661, task_id=281474976710662, exit_frame=0x7ffd1f8a7a70, reenter_frame=(nil), task_type=ompt_task_implicit|ompt_task_undeferred=134217730, thread_num=0
281474976710658: ompt_event_task_create: parent_task_id=281474976710662, parent_task_frame.exit=0x7ffd1f8a7a70, parent_task_frame.reenter=0x7ffd1f8a7960, new_task_id=281474976710664, codeptr_ra=0x402d5e, task_type=ompt_task_explicit=4, has_dependences=yes
281474976710658: ompt_event_dependences: task_id=281474976710664, deps=[(0x7ffd1f8a7a8c, ompt_dependence_type_in)], ndeps=1
281474976710658: ompt_event_task_dependence_pair: first_task_id=281474976710663, second_task_id=281474976710664
281474976710658: task level 0: parallel_id=281474976710661, task_id=281474976710662, exit_frame=0x7ffd1f8a7a70, reenter_frame=(nil), task_type=ompt_task_implicit|ompt_task_undeferred=134217730, thread_num=0
281474976710658: ompt_event_barrier_begin: parallel_id=281474976710661, task_id=281474976710662, codeptr_ra=0x402bc6
281474976710658: task level 0: parallel_id=281474976710661, task_id=281474976710662, exit_frame=(nil), reenter_frame=(nil), task_type=ompt_task_implicit|ompt_task_undeferred=134217730, thread_num=0
281474976710658: ompt_event_wait_barrier_begin: parallel_id=281474976710661, task_id=281474976710662, codeptr_ra=0x402bc6
281474976710658: ompt_event_task_schedule: first_task_id=281474976710662, second_task_id=281474976710664, prior_task_status=ompt_task_switch=7
281474976710658: ompt_event_task_schedule: first_task_id=281474976710664, second_task_id=281474976710662, prior_task_status=ompt_task_complete=1
281474976710658: ompt_event_task_end: task_id=281474976710664
281474976710658: ompt_event_wait_barrier_end: parallel_id=0, task_id=281474976710662, codeptr_ra=0x402bc6
281474976710658: ompt_event_barrier_end: parallel_id=0, task_id=281474976710662, codeptr_ra=0x402bc6
281474976710658: ompt_event_implicit_task_end: parallel_id=0, task_id=281474976710662, team_size=2, thread_num=0
281474976710658: ompt_event_parallel_end: parallel_id=281474976710661, task_id=281474976710659, invoker=2, codeptr_ra=0x402bc6
281474976710658: ompt_event_initial_task_end: parallel_id=281474976710660, task_id=281474976710659, actual_parallelism=0, index=1
281474976710658: ompt_event_thread_end: thread_id=281474976710658
562949953421313: ompt_event_thread_begin: thread_type=ompt_thread_worker=2, thread_id=562949953421313
562949953421313: ompt_event_implicit_task_begin: parallel_id=281474976710661, task_id=562949953421314, team_size=2, thread_num=1
562949953421313: ompt_event_barrier_begin: parallel_id=281474976710661, task_id=562949953421314, codeptr_ra=0x402bc6
562949953421313: task level 0: parallel_id=281474976710661, task_id=562949953421314, exit_frame=(nil), reenter_frame=(nil), task_type=ompt_task_implicit|ompt_task_undeferred=134217730, thread_num=1
562949953421313: ompt_event_wait_barrier_begin: parallel_id=281474976710661, task_id=562949953421314, codeptr_ra=0x402bc6
562949953421313: ompt_event_task_schedule: first_task_id=562949953421314, second_task_id=281474976710663, prior_task_status=ompt_task_switch=7
562949953421313: ompt_event_task_schedule: first_task_id=281474976710663, second_task_id=562949953421314, prior_task_status=ompt_task_complete=1
562949953421313: ompt_event_task_end: task_id=281474976710663
562949953421313: ompt_event_wait_barrier_end: parallel_id=0, task_id=562949953421314, codeptr_ra=0x402bc6
562949953421313: ompt_event_barrier_end: parallel_id=0, task_id=562949953421314, codeptr_ra=0x402bc6
562949953421313: ompt_event_implicit_task_end: parallel_id=0, task_id=562949953421314, team_size=0, thread_num=1
562949953421313: ompt_event_thread_end: thread_id=562949953421313
