0: NULL_POINTER=(nil)
Assume this code was not inlined, exit frame must be our parent:
0: ompt_event_runtime_shutdown
281474976710658: ompt_event_thread_begin: thread_type=ompt_thread_initial=1, thread_id=281474976710658
281474976710658: ompt_event_initial_task_begin: parallel_id=281474976710660, task_id=281474976710659, actual_parallelism=1, index=1, flags=1
281474976710658: __builtin_frame_address(0)=0x7ffc51bcfb50
281474976710658: ompt_event_parallel_begin: parent_task_id=281474976710659, parent_task_frame.exit=(nil), parent_task_frame.reenter=0x7ffc51bcfb20, parallel_id=281474976710661, requested_team_size=2, codeptr_ra=0x402c2a, invoker=2
281474976710658: ompt_event_implicit_task_begin: parallel_id=281474976710661, task_id=281474976710662, team_size=2, thread_num=0
281474976710658: __builtin_frame_address(1)=0x7ffc51bcfb20
281474976710658: task level 0: parallel_id=281474976710661, task_id=281474976710662, exit_frame=0x7ffc51bcfb20, reenter_frame=(nil), task_type=ompt_task_implicit|ompt_task_undeferred=134217730, thread_num=0
281474976710658: task level 1: parallel_id=281474976710660, task_id=281474976710659, exit_frame=(nil), reenter_frame=0x7ffc51bcfb20, task_type=ompt_task_initial=1, thread_num=0
281474976710658: __builtin_frame_address(0)=0x7ffc51bcfac0
281474976710658: task level 0: parallel_id=281474976710661, task_id=281474976710662, exit_frame=0x7ffc51bcfb20, reenter_frame=(nil), task_type=ompt_task_implicit|ompt_task_undeferred=134217730, thread_num=0
281474976710658: ompt_event_task_create: parent_task_id=281474976710662, parent_task_frame.exit=0x7ffc51bcfb20, parent_task_frame.reenter=0x7ffc51bcfa40, new_task_id=281474976710663, codeptr_ra=0x402d1d, task_type=ompt_task_explicit|ompt_task_undeferred=134217732, has_dependences=no
281474976710658: ompt_event_task_schedule: first_task_id=281474976710662, second_task_id=281474976710663, prior_task_status=ompt_task_switch=7
281474976710658: __builtin_frame_address(1)=0x7ffc51bcfa40
281474976710658: task level 0: parallel_id=281474976710661, task_id=281474976710663, exit_frame=0x7ffc51bcfa40, reenter_frame=(nil), task_type=ompt_task_explicit|ompt_task_undeferred=134217732, thread_num=0
281474976710658: task level 1: parallel_id=281474976710661, task_id=281474976710662, exit_frame=0x7ffc51bcfb20, reenter_frame=0x7ffc51bcfa40, task_type=ompt_task_implicit|ompt_task_undeferred=134217730, thread_num=0
281474976710658: task level 2: parallel_id=281474976710660, task_id=281474976710659, exit_frame=(nil), reenter_frame=0x7ffc51bcfb20, task_type=ompt_task_initial=1, thread_num=0
281474976710658: ompt_event_task_schedule: first_task_id=281474976710663, second_task_id=281474976710662, prior_task_status=ompt_task_complete=1
281474976710658: ompt_event_task_end: task_id=281474976710663
281474976710658: fuzzy_address=0x402c or 0x402d or 0x402e or 0x402f (0x402d22)
281474976710658: task level 0: parallel_id=281474976710661, task_id=281474976710662, exit_frame=0x7ffc51bcfb20, reenter_frame=(nil), task_type=ompt_task_implicit|ompt_task_undeferred=134217730, thread_num=0
281474976710658: task level 0: parallel_id=281474976710661, task_id=281474976710662, exit_frame=0x7ffc51bcfb20, reenter_frame=(nil), task_type=ompt_task_implicit|ompt_task_undeferred=134217730, thread_num=0
281474976710658: ompt_event_barrier_begin: parallel_id=281474976710661, task_id=281474976710662, codeptr_ra=0x402c2a
281474976710658: task level 0: parallel_id=281474976710661, task_id=281474976710662, exit_frame=(nil), reenter_frame=(nil), task_type=ompt_task_implicit|ompt_task_undeferred=134217730, thread_num=0
281474976710658: ompt_event_wait_barrier_begin: parallel_id=281474976710661, task_id=281474976710662, codeptr_ra=0x402c2a
281474976710658: ompt_event_wait_barrier_end: parallel_id=0, task_id=281474976710662, codeptr_ra=0x402c2a
281474976710658: ompt_event_barrier_end: parallel_id=0, task_id=281474976710662, codeptr_ra=0x402c2a
281474976710658: ompt_event_implicit_task_end: parallel_id=0, task_id=281474976710662, team_size=2, thread_num=0
281474976710658: ompt_event_parallel_end: parallel_id=281474976710661, task_id=281474976710659, invoker=2, codeptr_ra=0x402c2a
281474976710658: ompt_event_initial_task_end: parallel_id=281474976710660, task_id=281474976710659, actual_parallelism=0, index=1
281474976710658: ompt_event_thread_end: thread_id=281474976710658
562949953421313: ompt_event_thread_begin: thread_type=ompt_thread_worker=2, thread_id=562949953421313
562949953421313: ompt_event_implicit_task_begin: parallel_id=281474976710661, task_id=562949953421314, team_size=2, thread_num=1
562949953421313: __builtin_frame_address(1)=0x7fc4bd189ef0
562949953421313: task level 0: parallel_id=281474976710661, task_id=562949953421314, exit_frame=0x7fc4bd189ef0, reenter_frame=(nil), task_type=ompt_task_implicit|ompt_task_undeferred=134217730, thread_num=1
562949953421313: task level 1: parallel_id=281474976710660, task_id=281474976710659, exit_frame=(nil), reenter_frame=0x7ffc51bcfb20, task_type=ompt_task_initial=1, thread_num=0
562949953421313: __builtin_frame_address(0)=0x7fc4bd189ea0
562949953421313: task level 0: parallel_id=281474976710661, task_id=562949953421314, exit_frame=0x7fc4bd189ef0, reenter_frame=(nil), task_type=ompt_task_implicit|ompt_task_undeferred=134217730, thread_num=1
562949953421313: ompt_event_barrier_begin: parallel_id=281474976710661, task_id=562949953421314, codeptr_ra=0x402c2a
562949953421313: task level 0: parallel_id=281474976710661, task_id=562949953421314, exit_frame=(nil), reenter_frame=(nil), task_type=ompt_task_implicit|ompt_task_undeferred=134217730, thread_num=1
562949953421313: ompt_event_wait_barrier_begin: parallel_id=281474976710661, task_id=562949953421314, codeptr_ra=0x402c2a
562949953421313: ompt_event_wait_barrier_end: parallel_id=0, task_id=562949953421314, codeptr_ra=(nil)
562949953421313: ompt_event_barrier_end: parallel_id=0, task_id=562949953421314, codeptr_ra=(nil)
562949953421313: ompt_event_implicit_task_end: parallel_id=0, task_id=562949953421314, team_size=0, thread_num=1
562949953421313: ompt_event_thread_end: thread_id=562949953421313
