0: NULL_POINTER=(nil)
281474976710658: ompt_event_thread_begin: thread_type=ompt_thread_initial=1, thread_id=281474976710658
281474976710658: ompt_event_initial_task_begin: parallel_id=281474976710660, task_id=281474976710659, actual_parallelism=1, index=1, flags=1
281474976710658: ompt_event_wait_critical: wait_id=37197184, hint=0, impl=2, codeptr_ra=0x402c3c 
281474976710658: ompt_event_acquired_critical: wait_id=37197184, codeptr_ra=0x402c3c 
281474976710658: id=0 task_type=ompt_task_initial=1
281474976710658: ompt_event_release_critical: wait_id=37197184, codeptr_ra=0x402cae 
281474976710658: ompt_event_parallel_begin: parent_task_id=281474976710659, parent_task_frame.exit=(nil), parent_task_frame.reenter=0x7ffecdf75dd0, parallel_id=281474976710661, requested_team_size=1, codeptr_ra=0x402cec, invoker=2
281474976710658: ompt_event_implicit_task_begin: parallel_id=281474976710661, task_id=281474976710662, team_size=1, thread_num=0
281474976710658: ompt_event_wait_critical: wait_id=37197184, hint=0, impl=2, codeptr_ra=0x402c3c 
281474976710658: ompt_event_acquired_critical: wait_id=37197184, codeptr_ra=0x402c3c 
281474976710658: id=1 task_type=ompt_task_implicit|ompt_task_undeferred=134217730
281474976710658: ompt_event_release_critical: wait_id=37197184, codeptr_ra=0x402cae 
281474976710658: ompt_event_implicit_task_end: parallel_id=0, task_id=281474976710662, team_size=1, thread_num=0
281474976710658: ompt_event_parallel_end: parallel_id=281474976710661, task_id=281474976710659, invoker=2, codeptr_ra=0x402cec
281474976710658: ompt_event_parallel_begin: parent_task_id=281474976710659, parent_task_frame.exit=(nil), parent_task_frame.reenter=0x7ffecdf75dd0, parallel_id=281474976710663, requested_team_size=1, codeptr_ra=0x402d13, invoker=2
281474976710658: ompt_event_implicit_task_begin: parallel_id=281474976710663, task_id=281474976710664, team_size=1, thread_num=0
281474976710658: ompt_event_task_create: parent_task_id=281474976710664, parent_task_frame.exit=0x7ffecdf75dd0, parent_task_frame.reenter=0x7ffecdf75d10, new_task_id=281474976710665, codeptr_ra=0x402d13, task_type=ompt_task_explicit|ompt_task_undeferred=134217732, has_dependences=no
281474976710658: ompt_event_task_schedule: first_task_id=281474976710664, second_task_id=281474976710665, prior_task_status=ompt_task_switch=7
281474976710658: ompt_event_wait_critical: wait_id=37197184, hint=0, impl=2, codeptr_ra=0x402d99 
281474976710658: ompt_event_acquired_critical: wait_id=37197184, codeptr_ra=0x402d99 
281474976710658: id=2 task_type=ompt_task_explicit|ompt_task_undeferred=134217732
281474976710658: ompt_event_release_critical: wait_id=37197184, codeptr_ra=0x402cae 
281474976710658: ompt_event_task_schedule: first_task_id=281474976710665, second_task_id=281474976710664, prior_task_status=ompt_task_complete=1
281474976710658: ompt_event_task_end: task_id=281474976710665
281474976710658: ompt_event_task_create: parent_task_id=281474976710664, parent_task_frame.exit=0x7ffecdf75dd0, parent_task_frame.reenter=0x7ffecdf75d10, new_task_id=281474976710666, codeptr_ra=0x402dd6, task_type=ompt_task_explicit|ompt_task_undeferred=134217732, has_dependences=no
281474976710658: ompt_event_task_schedule: first_task_id=281474976710664, second_task_id=281474976710666, prior_task_status=ompt_task_switch=7
281474976710658: ompt_event_wait_critical: wait_id=37197184, hint=0, impl=2, codeptr_ra=0x402dd6 
281474976710658: ompt_event_acquired_critical: wait_id=37197184, codeptr_ra=0x402dd6 
281474976710658: id=3 task_type=ompt_task_explicit|ompt_task_undeferred=134217732
281474976710658: ompt_event_release_critical: wait_id=37197184, codeptr_ra=0x402cae 
281474976710658: ompt_event_task_schedule: first_task_id=281474976710666, second_task_id=281474976710664, prior_task_status=ompt_task_complete=1
281474976710658: ompt_event_task_end: task_id=281474976710666
281474976710658: ompt_event_task_create: parent_task_id=281474976710664, parent_task_frame.exit=0x7ffecdf75dd0, parent_task_frame.reenter=0x7ffecdf75d10, new_task_id=281474976710667, codeptr_ra=0x402d13, task_type=ompt_task_explicit|ompt_task_undeferred|ompt_task_untied=402653188, has_dependences=no
281474976710658: ompt_event_task_schedule: first_task_id=281474976710664, second_task_id=281474976710667, prior_task_status=ompt_task_switch=7
281474976710658: ompt_event_wait_critical: wait_id=37197184, hint=0, impl=2, codeptr_ra=0x402e13 
281474976710658: ompt_event_acquired_critical: wait_id=37197184, codeptr_ra=0x402e13 
281474976710658: id=4 task_type=ompt_task_explicit|ompt_task_undeferred|ompt_task_untied=402653188
281474976710658: ompt_event_release_critical: wait_id=37197184, codeptr_ra=0x402cae 
281474976710658: ompt_event_task_schedule: first_task_id=281474976710667, second_task_id=281474976710664, prior_task_status=ompt_task_complete=1
281474976710658: ompt_event_task_end: task_id=281474976710667
281474976710658: ompt_event_task_create: parent_task_id=281474976710664, parent_task_frame.exit=0x7ffecdf75dd0, parent_task_frame.reenter=0x7ffecdf75d10, new_task_id=281474976710668, codeptr_ra=0x402d13, task_type=ompt_task_explicit|ompt_task_undeferred|ompt_task_final=671088644, has_dependences=no
281474976710658: ompt_event_task_schedule: first_task_id=281474976710664, second_task_id=281474976710668, prior_task_status=ompt_task_switch=7
281474976710658: ompt_event_wait_critical: wait_id=37197184, hint=0, impl=2, codeptr_ra=0x402e50 
281474976710658: ompt_event_acquired_critical: wait_id=37197184, codeptr_ra=0x402e50 
281474976710658: id=5 task_type=ompt_task_explicit|ompt_task_undeferred|ompt_task_final=671088644
281474976710658: ompt_event_release_critical: wait_id=37197184, codeptr_ra=0x402cae 
281474976710658: ompt_event_task_create: parent_task_id=281474976710668, parent_task_frame.exit=0x7ffecdf75ae0, parent_task_frame.reenter=0x7ffecdf759b0, new_task_id=281474976710669, codeptr_ra=0x402d13, task_type=ompt_task_explicit|ompt_task_undeferred|ompt_task_final=671088644, has_dependences=no
281474976710658: ompt_event_task_schedule: first_task_id=281474976710668, second_task_id=281474976710669, prior_task_status=ompt_task_switch=7
281474976710658: ompt_event_wait_critical: wait_id=37197184, hint=0, impl=2, codeptr_ra=0x402f44 
281474976710658: ompt_event_acquired_critical: wait_id=37197184, codeptr_ra=0x402f44 
281474976710658: id=6 task_type=ompt_task_explicit|ompt_task_undeferred|ompt_task_final=671088644
281474976710658: ompt_event_release_critical: wait_id=37197184, codeptr_ra=0x402cae 
281474976710658: ompt_event_task_schedule: first_task_id=281474976710669, second_task_id=281474976710668, prior_task_status=ompt_task_complete=1
281474976710658: ompt_event_task_end: task_id=281474976710669
281474976710658: ompt_event_task_schedule: first_task_id=281474976710668, second_task_id=281474976710664, prior_task_status=ompt_task_complete=1
281474976710658: ompt_event_task_end: task_id=281474976710668
281474976710658: ompt_event_implicit_task_end: parallel_id=0, task_id=281474976710664, team_size=1, thread_num=0
281474976710658: ompt_event_parallel_end: parallel_id=281474976710663, task_id=281474976710659, invoker=2, codeptr_ra=0x402d13
281474976710658: ompt_event_initial_task_end: parallel_id=281474976710660, task_id=281474976710659, actual_parallelism=0, index=1
281474976710658: ompt_event_thread_end: thread_id=281474976710658
0: ompt_event_runtime_shutdown
