0: NULL_POINTER=(nil)
0: ompt_event_runtime_shutdown
281474976710658: ompt_event_thread_begin: thread_type=ompt_thread_initial=1, thread_id=281474976710658
281474976710658: ompt_event_initial_task_begin: parallel_id=281474976710660, task_id=281474976710659, actual_parallelism=1, index=1, flags=1
281474976710658: __builtin_frame_address(0)=0x7fffbc60c5e0
281474976710658: ompt_event_parallel_begin: parent_task_id=281474976710659, parent_task_frame.exit=(nil), parent_task_frame.reenter=0x7fffbc60c5a0, parallel_id=281474976710661, requested_team_size=2, codeptr_ra=0x402c3b, invoker=2
281474976710658: ompt_event_implicit_task_begin: parallel_id=281474976710661, task_id=281474976710662, team_size=2, thread_num=0
281474976710658: __builtin_frame_address(1)=0x7fffbc60c5a0
281474976710658: task level 0: parallel_id=281474976710661, task_id=281474976710662, exit_frame=0x7fffbc60c5a0, reenter_frame=(nil), task_type=ompt_task_implicit|ompt_task_undeferred=134217730, thread_num=0
281474976710658: task level 1: parallel_id=281474976710660, task_id=281474976710659, exit_frame=(nil), reenter_frame=0x7fffbc60c5a0, task_type=ompt_task_initial=1, thread_num=0
281474976710658: __builtin_frame_address(0)=0x7fffbc60c540
281474976710658: task level 0: parallel_id=281474976710661, task_id=281474976710662, exit_frame=0x7fffbc60c5a0, reenter_frame=(nil), task_type=ompt_task_implicit|ompt_task_undeferred=134217730, thread_num=0
281474976710658: ompt_event_task_create: parent_task_id=281474976710662, parent_task_frame.exit=0x7fffbc60c5a0, parent_task_frame.reenter=0x7fffbc60c4e0, new_task_id=281474976710663, codeptr_ra=0x402c3b, task_type=ompt_task_explicit=4, has_dependences=no
281474976710658: task level 0: parallel_id=281474976710661, task_id=281474976710662, exit_frame=0x7fffbc60c5a0, reenter_frame=(nil), task_type=ompt_task_implicit|ompt_task_undeferred=134217730, thread_num=0
281474976710658: task level 0: parallel_id=281474976710661, task_id=281474976710662, exit_frame=0x7fffbc60c5a0, reenter_frame=(nil), task_type=ompt_task_implicit|ompt_task_undeferred=134217730, thread_num=0
281474976710658: ompt_event_barrier_begin: parallel_id=281474976710661, task_id=281474976710662, codeptr_ra=0x402c3b
281474976710658: task level 0: parallel_id=281474976710661, task_id=281474976710662, exit_frame=(nil), reenter_frame=(nil), task_type=ompt_task_implicit|ompt_task_undeferred=134217730, thread_num=0
281474976710658: ompt_event_wait_barrier_begin: parallel_id=281474976710661, task_id=281474976710662, codeptr_ra=0x402c3b
281474976710658: ompt_event_wait_barrier_end: parallel_id=0, task_id=281474976710662, codeptr_ra=0x402c3b
281474976710658: ompt_event_barrier_end: parallel_id=0, task_id=281474976710662, codeptr_ra=0x402c3b
281474976710658: ompt_event_implicit_task_end: parallel_id=0, task_id=281474976710662, team_size=2, thread_num=0
281474976710658: ompt_event_parallel_end: parallel_id=281474976710661, task_id=281474976710659, invoker=2, codeptr_ra=0x402c3b
281474976710658: ompt_event_initial_task_end: parallel_id=281474976710660, task_id=281474976710659, actual_parallelism=0, index=1
281474976710658: ompt_event_thread_end: thread_id=281474976710658
562949953421313: ompt_event_thread_begin: thread_type=ompt_thread_worker=2, thread_id=562949953421313
562949953421313: ompt_event_implicit_task_begin: parallel_id=281474976710661, task_id=562949953421314, team_size=2, thread_num=1
562949953421313: __builtin_frame_address(1)=0x7f135dba8ef0
562949953421313: task level 0: parallel_id=281474976710661, task_id=562949953421314, exit_frame=0x7f135dba8ef0, reenter_frame=(nil), task_type=ompt_task_implicit|ompt_task_undeferred=134217730, thread_num=1
562949953421313: task level 1: parallel_id=281474976710660, task_id=281474976710659, exit_frame=(nil), reenter_frame=0x7fffbc60c5a0, task_type=ompt_task_initial=1, thread_num=0
562949953421313: __builtin_frame_address(0)=0x7f135dba8ea0
562949953421313: task level 0: parallel_id=281474976710661, task_id=562949953421314, exit_frame=0x7f135dba8ef0, reenter_frame=(nil), task_type=ompt_task_implicit|ompt_task_undeferred=134217730, thread_num=1
562949953421313: ompt_event_barrier_begin: parallel_id=281474976710661, task_id=562949953421314, codeptr_ra=0x402c3b
562949953421313: task level 0: parallel_id=281474976710661, task_id=562949953421314, exit_frame=(nil), reenter_frame=(nil), task_type=ompt_task_implicit|ompt_task_undeferred=134217730, thread_num=1
562949953421313: ompt_event_wait_barrier_begin: parallel_id=281474976710661, task_id=562949953421314, codeptr_ra=0x402c3b
562949953421313: ompt_event_task_schedule: first_task_id=562949953421314, second_task_id=281474976710663, prior_task_status=ompt_task_switch=7
562949953421313: __builtin_frame_address(1)=0x7f135dba8c70
562949953421313: task level 0: parallel_id=281474976710661, task_id=281474976710663, exit_frame=0x7f135dba8c70, reenter_frame=(nil), task_type=ompt_task_explicit=4, thread_num=1
562949953421313: task level 1: parallel_id=281474976710661, task_id=562949953421314, exit_frame=(nil), reenter_frame=(nil), task_type=ompt_task_implicit|ompt_task_undeferred=134217730, thread_num=0
562949953421313: task level 2: parallel_id=281474976710660, task_id=281474976710659, exit_frame=(nil), reenter_frame=0x7fffbc60c5a0, task_type=ompt_task_initial=1, thread_num=0
562949953421313: ompt_event_task_schedule: first_task_id=281474976710663, second_task_id=562949953421314, prior_task_status=ompt_task_complete=1
562949953421313: ompt_event_task_end: task_id=281474976710663
562949953421313: ompt_event_wait_barrier_end: parallel_id=0, task_id=562949953421314, codeptr_ra=0x402c3b
562949953421313: ompt_event_barrier_end: parallel_id=0, task_id=562949953421314, codeptr_ra=0x402c3b
562949953421313: ompt_event_implicit_task_end: parallel_id=0, task_id=562949953421314, team_size=0, thread_num=1
562949953421313: ompt_event_thread_end: thread_id=562949953421313
