0: NULL_POINTER=(nil)
0: ompt_event_runtime_shutdown
281474976710658: ompt_event_thread_begin: thread_type=ompt_thread_initial=1, thread_id=281474976710658
281474976710658: ompt_event_initial_task_begin: parallel_id=281474976710660, task_id=281474976710659, actual_parallelism=1, index=1, flags=1
281474976710658: __builtin_frame_address(0)=0x7ffee231c240
281474976710658: ompt_event_parallel_begin: parent_task_id=281474976710659, parent_task_frame.exit=(nil), parent_task_frame.reenter=0x7ffee231c200, parallel_id=281474976710661, requested_team_size=2, codeptr_ra=0x402c8b, invoker=2
281474976710658: ompt_event_implicit_task_begin: parallel_id=281474976710661, task_id=281474976710662, team_size=2, thread_num=0
281474976710658: __builtin_frame_address(1)=0x7ffee231c200
281474976710658: task level 0: parallel_id=281474976710661, task_id=281474976710662, exit_frame=0x7ffee231c200, reenter_frame=(nil), task_type=ompt_task_implicit|ompt_task_undeferred=134217730, thread_num=0
281474976710658: task level 1: parallel_id=281474976710660, task_id=281474976710659, exit_frame=(nil), reenter_frame=0x7ffee231c200, task_type=ompt_task_initial=1, thread_num=0
281474976710658: __builtin_frame_address(0)=0x7ffee231c1a0
281474976710658: task level 0: parallel_id=281474976710661, task_id=281474976710662, exit_frame=0x7ffee231c200, reenter_frame=(nil), task_type=ompt_task_implicit|ompt_task_undeferred=134217730, thread_num=0
281474976710658: ompt_event_task_create: parent_task_id=281474976710662, parent_task_frame.exit=0x7ffee231c200, parent_task_frame.reenter=0x7ffee231c140, new_task_id=281474976710663, codeptr_ra=0x402c8b, task_type=ompt_task_explicit|ompt_task_untied=268435460, has_dependences=no
281474976710658: task level 0: parallel_id=281474976710661, task_id=281474976710662, exit_frame=0x7ffee231c200, reenter_frame=(nil), task_type=ompt_task_implicit|ompt_task_undeferred=134217730, thread_num=0
281474976710658: ompt_event_barrier_begin: parallel_id=281474976710661, task_id=281474976710662, codeptr_ra=0x402d1c
281474976710658: task level 0: parallel_id=281474976710661, task_id=281474976710662, exit_frame=0x7ffee231c200, reenter_frame=0x7ffee231c160, task_type=ompt_task_implicit|ompt_task_undeferred=134217730, thread_num=0
281474976710658: ompt_event_wait_barrier_begin: parallel_id=281474976710661, task_id=281474976710662, codeptr_ra=0x402d1c
281474976710658: ompt_event_wait_barrier_end: parallel_id=281474976710661, task_id=281474976710662, codeptr_ra=0x402d1c
281474976710658: ompt_event_barrier_end: parallel_id=281474976710661, task_id=281474976710662, codeptr_ra=0x402d1c
281474976710658: task level 0: parallel_id=281474976710661, task_id=281474976710662, exit_frame=0x7ffee231c200, reenter_frame=(nil), task_type=ompt_task_implicit|ompt_task_undeferred=134217730, thread_num=0
281474976710658: ompt_event_barrier_begin: parallel_id=281474976710661, task_id=281474976710662, codeptr_ra=0x402c8b
281474976710658: task level 0: parallel_id=281474976710661, task_id=281474976710662, exit_frame=(nil), reenter_frame=(nil), task_type=ompt_task_implicit|ompt_task_undeferred=134217730, thread_num=0
281474976710658: ompt_event_wait_barrier_begin: parallel_id=281474976710661, task_id=281474976710662, codeptr_ra=0x402c8b
281474976710658: ompt_event_wait_barrier_end: parallel_id=0, task_id=281474976710662, codeptr_ra=0x402c8b
281474976710658: ompt_event_barrier_end: parallel_id=0, task_id=281474976710662, codeptr_ra=0x402c8b
281474976710658: ompt_event_implicit_task_end: parallel_id=0, task_id=281474976710662, team_size=2, thread_num=0
281474976710658: ompt_event_parallel_end: parallel_id=281474976710661, task_id=281474976710659, invoker=2, codeptr_ra=0x402c8b
281474976710658: ompt_event_initial_task_end: parallel_id=281474976710660, task_id=281474976710659, actual_parallelism=0, index=1
281474976710658: ompt_event_thread_end: thread_id=281474976710658
562949953421313: ompt_event_thread_begin: thread_type=ompt_thread_worker=2, thread_id=562949953421313
562949953421313: ompt_event_implicit_task_begin: parallel_id=281474976710661, task_id=562949953421314, team_size=2, thread_num=1
562949953421313: __builtin_frame_address(1)=0x7f29e5f6eef0
562949953421313: task level 0: parallel_id=281474976710661, task_id=562949953421314, exit_frame=0x7f29e5f6eef0, reenter_frame=(nil), task_type=ompt_task_implicit|ompt_task_undeferred=134217730, thread_num=1
562949953421313: task level 1: parallel_id=281474976710660, task_id=281474976710659, exit_frame=(nil), reenter_frame=0x7ffee231c200, task_type=ompt_task_initial=1, thread_num=0
562949953421313: __builtin_frame_address(0)=0x7f29e5f6eea0
562949953421313: ompt_event_barrier_begin: parallel_id=281474976710661, task_id=562949953421314, codeptr_ra=0x402d1c
562949953421313: task level 0: parallel_id=281474976710661, task_id=562949953421314, exit_frame=0x7f29e5f6eef0, reenter_frame=0x7f29e5f6ee60, task_type=ompt_task_implicit|ompt_task_undeferred=134217730, thread_num=1
562949953421313: ompt_event_wait_barrier_begin: parallel_id=281474976710661, task_id=562949953421314, codeptr_ra=0x402d1c
562949953421313: ompt_event_task_schedule: first_task_id=562949953421314, second_task_id=281474976710663, prior_task_status=ompt_task_switch=7
562949953421313: __builtin_frame_address(1)=0x7f29e5f6e980
562949953421313: task level 0: parallel_id=281474976710661, task_id=281474976710663, exit_frame=0x7f29e5f6e980, reenter_frame=(nil), task_type=ompt_task_explicit|ompt_task_untied=268435460, thread_num=1
562949953421313: task level 1: parallel_id=281474976710661, task_id=562949953421314, exit_frame=0x7f29e5f6eef0, reenter_frame=0x7f29e5f6ee60, task_type=ompt_task_implicit|ompt_task_undeferred=134217730, thread_num=0
562949953421313: task level 2: parallel_id=281474976710660, task_id=281474976710659, exit_frame=(nil), reenter_frame=0x7ffee231c200, task_type=ompt_task_initial=1, thread_num=0
562949953421313: ompt_event_task_create: parent_task_id=281474976710663, parent_task_frame.exit=0x7f29e5f6e980, parent_task_frame.reenter=0x7f29e5f6e850, new_task_id=562949953421315, codeptr_ra=0x402d1c, task_type=ompt_task_explicit|ompt_task_undeferred=134217732, has_dependences=no
562949953421313: ompt_event_task_schedule: first_task_id=281474976710663, second_task_id=562949953421315, prior_task_status=ompt_task_switch=7
562949953421313: task level 0: parallel_id=281474976710661, task_id=562949953421315, exit_frame=0x7f29e5f6e850, reenter_frame=(nil), task_type=ompt_task_explicit|ompt_task_undeferred=134217732, thread_num=1
562949953421313: task level 1: parallel_id=281474976710661, task_id=281474976710663, exit_frame=0x7f29e5f6e980, reenter_frame=0x7f29e5f6e850, task_type=ompt_task_explicit|ompt_task_untied=268435460, thread_num=0
562949953421313: task level 2: parallel_id=281474976710661, task_id=562949953421314, exit_frame=0x7f29e5f6eef0, reenter_frame=0x7f29e5f6ee60, task_type=ompt_task_implicit|ompt_task_undeferred=134217730, thread_num=0
562949953421313: ompt_event_task_schedule: first_task_id=562949953421315, second_task_id=281474976710663, prior_task_status=ompt_task_complete=1
562949953421313: ompt_event_task_end: task_id=562949953421315
562949953421313: task level 0: parallel_id=281474976710661, task_id=281474976710663, exit_frame=0x7f29e5f6e980, reenter_frame=(nil), task_type=ompt_task_explicit|ompt_task_untied=268435460, thread_num=1
562949953421313: task level 1: parallel_id=281474976710661, task_id=562949953421314, exit_frame=0x7f29e5f6eef0, reenter_frame=0x7f29e5f6ee60, task_type=ompt_task_implicit|ompt_task_undeferred=134217730, thread_num=0
562949953421313: task level 2: parallel_id=281474976710660, task_id=281474976710659, exit_frame=(nil), reenter_frame=0x7ffee231c200, task_type=ompt_task_initial=1, thread_num=0
562949953421313: ompt_event_task_schedule: first_task_id=281474976710663, second_task_id=562949953421314, prior_task_status=ompt_task_complete=1
562949953421313: ompt_event_task_end: task_id=281474976710663
562949953421313: ompt_event_wait_barrier_end: parallel_id=281474976710661, task_id=562949953421314, codeptr_ra=0x402d1c
562949953421313: ompt_event_barrier_end: parallel_id=281474976710661, task_id=562949953421314, codeptr_ra=0x402d1c
562949953421313: task level 0: parallel_id=281474976710661, task_id=562949953421314, exit_frame=0x7f29e5f6eef0, reenter_frame=(nil), task_type=ompt_task_implicit|ompt_task_undeferred=134217730, thread_num=1
562949953421313: ompt_event_barrier_begin: parallel_id=281474976710661, task_id=562949953421314, codeptr_ra=0x402c8b
562949953421313: task level 0: parallel_id=281474976710661, task_id=562949953421314, exit_frame=(nil), reenter_frame=(nil), task_type=ompt_task_implicit|ompt_task_undeferred=134217730, thread_num=1
562949953421313: ompt_event_wait_barrier_begin: parallel_id=281474976710661, task_id=562949953421314, codeptr_ra=0x402c8b
562949953421313: ompt_event_wait_barrier_end: parallel_id=0, task_id=562949953421314, codeptr_ra=(nil)
562949953421313: ompt_event_barrier_end: parallel_id=0, task_id=562949953421314, codeptr_ra=(nil)
562949953421313: ompt_event_implicit_task_end: parallel_id=0, task_id=562949953421314, team_size=0, thread_num=1
562949953421313: ompt_event_thread_end: thread_id=562949953421313
