----- START LOGGING OF TOOL REGISTRATION -----
Search for OMP tool in current address space... Failed.
Searching tool libraries...
OMP_TOOL_LIBRARIES = /home/vi3/gcc/llvm-project/openmp/openmp-build/runtime/test/ompt/loadtool/tool_available_search/Output/non_existing_file.so:/home/vi3/gcc/llvm-project/openmp/openmp-build/runtime/test/ompt/loadtool/tool_available_search/Output/first_tool.so:/home/vi3/gcc/llvm-project/openmp/openmp-build/runtime/test/ompt/loadtool/tool_available_search/Output/second_tool.so:/home/vi3/gcc/llvm-project/openmp/openmp-build/runtime/test/ompt/loadtool/tool_available_search/Output/third_tool.so
Opening /home/vi3/gcc/llvm-project/openmp/openmp-build/runtime/test/ompt/loadtool/tool_available_search/Output/non_existing_file.so... Failed: /home/vi3/gcc/llvm-project/openmp/openmp-build/runtime/test/ompt/loadtool/tool_available_search/Output/non_existing_file.so: cannot open shared object file: No such file or directory
Opening /home/vi3/gcc/llvm-project/openmp/openmp-build/runtime/test/ompt/loadtool/tool_available_search/Output/first_tool.so... Success. 
Searching for ompt_start_tool in /home/vi3/gcc/llvm-project/openmp/openmp-build/runtime/test/ompt/loadtool/tool_available_search/Output/first_tool.so... Failed: /home/vi3/gcc/llvm-project/openmp/openmp-build/runtime/test/ompt/loadtool/tool_available_search/Output/first_tool.so: undefined symbol: ompt_start_tool
Opening /home/vi3/gcc/llvm-project/openmp/openmp-build/runtime/test/ompt/loadtool/tool_available_search/Output/second_tool.so... Success. 
Searching for ompt_start_tool in /home/vi3/gcc/llvm-project/openmp/openmp-build/runtime/test/ompt/loadtool/tool_available_search/Output/second_tool.so... 0: Do not initialize tool
Found but not using the OMPT interface.
Continuing search...
Opening /home/vi3/gcc/llvm-project/openmp/openmp-build/runtime/test/ompt/loadtool/tool_available_search/Output/third_tool.so... Success. 
Searching for ompt_start_tool in /home/vi3/gcc/llvm-project/openmp/openmp-build/runtime/test/ompt/loadtool/tool_available_search/Output/third_tool.so... 0: Do initialize tool
Success.
Tool was started and is using the OMPT interface.
----- END LOGGING OF TOOL REGISTRATION -----
0: Tool initialized
0: ompt_event_thread_begin
0: control_tool()=-1
0: ompt_event_thread_begin
0: Tool finalized
