0: NULL_POINTER=(nil)
281474976710658: ompt_event_thread_begin: thread_type=ompt_thread_initial=1, thread_id=281474976710658
281474976710658: ompt_event_initial_task_begin: parallel_id=281474976710660, task_id=281474976710659, actual_parallelism=1, index=1, flags=1
281474976710658: ompt_event_wait_critical: wait_id=21263744, hint=0, impl=2, codeptr_ra=0x402b41 
281474976710658: ompt_event_acquired_critical: wait_id=21263744, codeptr_ra=0x402b41 
281474976710658: current_address=0x402b41 or 0x402b3e for non-void functions
281474976710658: task level 0: parallel_id=281474976710660, task_id=281474976710659, exit_frame=(nil), reenter_frame=(nil), task_type=ompt_task_initial=1, thread_num=0
281474976710658: ompt_event_release_critical: wait_id=21263744, codeptr_ra=0x402b80 
281474976710658: current_address=0x402b80 or 0x402b7d for non-void functions
281474976710658: ompt_event_initial_task_end: parallel_id=281474976710660, task_id=281474976710659, actual_parallelism=0, index=1
281474976710658: ompt_event_thread_end: thread_id=281474976710658
0: ompt_event_runtime_shutdown
