0: NULL_POINTER=(nil)
0: ompt_event_runtime_shutdown
281474976710658: ompt_event_thread_begin: thread_type=ompt_thread_initial=1, thread_id=281474976710658
281474976710658: ompt_event_initial_task_begin: parallel_id=281474976710660, task_id=281474976710659, actual_parallelism=1, index=1, flags=1
281474976710658: ompt_event_init_nest_lock: wait_id=140735707468016, hint=0, impl=2, codeptr_ra=0x402d49 
281474976710658: ompt_event_parallel_begin: parent_task_id=281474976710659, parent_task_frame.exit=(nil), parent_task_frame.reenter=0x7fff95d9d0e0, parallel_id=281474976710661, requested_team_size=2, codeptr_ra=0x402d6c, invoker=2
281474976710658: ompt_event_implicit_task_begin: parallel_id=281474976710661, task_id=281474976710662, team_size=2, thread_num=0
281474976710658: ompt_event_wait_nest_lock: wait_id=140735707468016, hint=0, impl=2, codeptr_ra=0x402f35 
281474976710658: ompt_event_acquired_nest_lock_first: wait_id=140735707468016, codeptr_ra=0x402f35 
281474976710658: fuzzy_address=0x402e or 0x402f or 0x4030 or 0x4031 (0x402f36)
281474976710658: ompt_event_barrier_begin: parallel_id=281474976710661, task_id=281474976710662, codeptr_ra=0x402da4
281474976710658: task level 0: parallel_id=281474976710661, task_id=281474976710662, exit_frame=0x7fff95d9d0e0, reenter_frame=0x7fff95d9d040, task_type=ompt_task_implicit|ompt_task_undeferred=134217730, thread_num=0
281474976710658: ompt_event_wait_barrier_begin: parallel_id=281474976710661, task_id=281474976710662, codeptr_ra=0x402da4
281474976710658: ompt_event_wait_barrier_end: parallel_id=281474976710661, task_id=281474976710662, codeptr_ra=0x402da4
281474976710658: ompt_event_barrier_end: parallel_id=281474976710661, task_id=281474976710662, codeptr_ra=0x402da4
281474976710658: ompt_event_wait_nest_lock: wait_id=140735707468016, hint=0, impl=2, codeptr_ra=0x402db3 
281474976710658: ompt_event_acquired_nest_lock_next: wait_id=140735707468016, codeptr_ra=0x402db3 
281474976710658: fuzzy_address=0x402c or 0x402d or 0x402e or 0x402f (0x402db4)
281474976710658: ompt_event_barrier_begin: parallel_id=281474976710661, task_id=281474976710662, codeptr_ra=0x402e23
281474976710658: task level 0: parallel_id=281474976710661, task_id=281474976710662, exit_frame=0x7fff95d9d0e0, reenter_frame=0x7fff95d9d040, task_type=ompt_task_implicit|ompt_task_undeferred=134217730, thread_num=0
281474976710658: ompt_event_wait_barrier_begin: parallel_id=281474976710661, task_id=281474976710662, codeptr_ra=0x402e23
281474976710658: ompt_event_wait_barrier_end: parallel_id=281474976710661, task_id=281474976710662, codeptr_ra=0x402e23
281474976710658: ompt_event_barrier_end: parallel_id=281474976710661, task_id=281474976710662, codeptr_ra=0x402e23
281474976710658: ompt_event_release_nest_lock_prev: wait_id=140735707468016, codeptr_ra=0x402e3f 
281474976710658: fuzzy_address=0x402d or 0x402e or 0x402f or 0x4030 (0x402e40)
281474976710658: ompt_event_release_nest_lock_last: wait_id=140735707468016, codeptr_ra=0x402eb9 
281474976710658: fuzzy_address=0x402d or 0x402e or 0x402f or 0x4030 (0x402eba)
281474976710658: ompt_event_barrier_begin: parallel_id=281474976710661, task_id=281474976710662, codeptr_ra=0x402d6c
281474976710658: task level 0: parallel_id=281474976710661, task_id=281474976710662, exit_frame=(nil), reenter_frame=(nil), task_type=ompt_task_implicit|ompt_task_undeferred=134217730, thread_num=0
281474976710658: ompt_event_wait_barrier_begin: parallel_id=281474976710661, task_id=281474976710662, codeptr_ra=0x402d6c
281474976710658: ompt_event_wait_barrier_end: parallel_id=0, task_id=281474976710662, codeptr_ra=0x402d6c
281474976710658: ompt_event_barrier_end: parallel_id=0, task_id=281474976710662, codeptr_ra=0x402d6c
281474976710658: ompt_event_implicit_task_end: parallel_id=0, task_id=281474976710662, team_size=2, thread_num=0
281474976710658: ompt_event_parallel_end: parallel_id=281474976710661, task_id=281474976710659, invoker=2, codeptr_ra=0x402d6c
281474976710658: ompt_event_destroy_nest_lock: wait_id=140735707468016, codeptr_ra=0x402d78 
281474976710658: ompt_event_initial_task_end: parallel_id=281474976710660, task_id=281474976710659, actual_parallelism=0, index=1
281474976710658: ompt_event_thread_end: thread_id=281474976710658
562949953421313: ompt_event_thread_begin: thread_type=ompt_thread_worker=2, thread_id=562949953421313
562949953421313: ompt_event_implicit_task_begin: parallel_id=281474976710661, task_id=562949953421314, team_size=2, thread_num=1
562949953421313: ompt_event_barrier_begin: parallel_id=281474976710661, task_id=562949953421314, codeptr_ra=0x402da4
562949953421313: task level 0: parallel_id=281474976710661, task_id=562949953421314, exit_frame=0x7f890d0a6ef0, reenter_frame=0x7f890d0a6e60, task_type=ompt_task_implicit|ompt_task_undeferred=134217730, thread_num=1
562949953421313: ompt_event_wait_barrier_begin: parallel_id=281474976710661, task_id=562949953421314, codeptr_ra=0x402da4
562949953421313: ompt_event_wait_barrier_end: parallel_id=281474976710661, task_id=562949953421314, codeptr_ra=0x402da4
562949953421313: ompt_event_barrier_end: parallel_id=281474976710661, task_id=562949953421314, codeptr_ra=0x402da4
562949953421313: ompt_event_wait_nest_lock: wait_id=140735707468016, hint=0, impl=2, codeptr_ra=0x402db3 
562949953421313: fuzzy_address=0x402c or 0x402d or 0x402e or 0x402f (0x402db4)
562949953421313: ompt_event_barrier_begin: parallel_id=281474976710661, task_id=562949953421314, codeptr_ra=0x402e23
562949953421313: task level 0: parallel_id=281474976710661, task_id=562949953421314, exit_frame=0x7f890d0a6ef0, reenter_frame=0x7f890d0a6e60, task_type=ompt_task_implicit|ompt_task_undeferred=134217730, thread_num=1
562949953421313: ompt_event_wait_barrier_begin: parallel_id=281474976710661, task_id=562949953421314, codeptr_ra=0x402e23
562949953421313: ompt_event_wait_barrier_end: parallel_id=281474976710661, task_id=562949953421314, codeptr_ra=0x402e23
562949953421313: ompt_event_barrier_end: parallel_id=281474976710661, task_id=562949953421314, codeptr_ra=0x402e23
562949953421313: ompt_event_barrier_begin: parallel_id=281474976710661, task_id=562949953421314, codeptr_ra=0x402d6c
562949953421313: task level 0: parallel_id=281474976710661, task_id=562949953421314, exit_frame=(nil), reenter_frame=(nil), task_type=ompt_task_implicit|ompt_task_undeferred=134217730, thread_num=1
562949953421313: ompt_event_wait_barrier_begin: parallel_id=281474976710661, task_id=562949953421314, codeptr_ra=0x402d6c
562949953421313: ompt_event_wait_barrier_end: parallel_id=0, task_id=562949953421314, codeptr_ra=(nil)
562949953421313: ompt_event_barrier_end: parallel_id=0, task_id=562949953421314, codeptr_ra=(nil)
562949953421313: ompt_event_implicit_task_end: parallel_id=0, task_id=562949953421314, team_size=0, thread_num=1
562949953421313: ompt_event_thread_end: thread_id=562949953421313
